<?xml version="1.0" encoding="utf-8"?><testsuites><testsuite name="pytest" errors="0" failures="0" skipped="0" tests="33" time="9.295" timestamp="2025-09-13T03:13:34.459021" hostname="runnervmf4ws1"><testcase classname="tests.test_billing_stripe" name="test_create_customer" time="0.002" /><testcase classname="tests.test_billing_stripe" name="test_create_subscription" time="0.001" /><testcase classname="tests.test_billing_stripe" name="test_record_interaction" time="0.002" /><testcase classname="tests.test_billing_stripe" name="test_calculate_overage_cost" time="0.000" /><testcase classname="tests.test_billing_stripe" name="test_handle_webhook" time="0.001" /><testcase classname="tests.test_documentation_generator" name="test_translate_to_american_english" time="0.002" /><testcase classname="tests.test_event_streaming.TestEventStreamingService" name="test_event_publishing" time="0.002" /><testcase classname="tests.test_event_streaming.TestEventStreamingService" name="test_event_serialization" time="0.001" /><testcase classname="tests.test_event_streaming.TestComplianceValidationSubscriber" name="test_prohibited_content_detection" time="0.007" /><testcase classname="tests.test_event_streaming.TestComplianceValidationSubscriber" name="test_ai_response_validation" time="0.002" /><testcase classname="tests.test_event_streaming.TestAuditLoggingSubscriber" name="test_audit_entry_creation" time="0.002" /><testcase classname="tests.test_event_streaming.TestAuditLoggingSubscriber" name="test_pii_detection" time="0.003" /><testcase classname="tests.test_event_streaming.TestPerformanceMonitoringSubscriber" name="test_performance_tracking" time="0.002" /><testcase classname="tests.test_event_streaming.TestPerformanceMonitoringSubscriber" name="test_metrics_aggregation" time="0.002" /><testcase classname="tests.test_event_streaming.TestIntegration" name="test_end_to_end_event_flow" time="0.002" /><testcase classname="tests.test_voice_pipeline.TestVoicePipelineComponents" name="test_voice_pipeline_initialization" time="0.026" /><testcase classname="tests.test_voice_pipeline.TestVoicePipelineComponents" name="test_llm_processing" time="0.002" /><testcase classname="tests.test_voice_pipeline.TestVoicePipelineComponents" name="test_conversation_history_passed_and_truncated" time="0.004" /><testcase classname="tests.test_voice_pipeline.TestVoicePipelineComponents" name="test_humanize_response_prefixes" time="0.004" /><testcase classname="tests.test_voice_pipeline.TestVoicePipelineComponents" name="test_prohibited_content_detection" time="0.000" /><testcase classname="tests.test_voice_pipeline.TestVoicePipelineComponents" name="test_response_post_processing" time="0.000" /><testcase classname="tests.test_voice_pipeline.TestSTTComponent" name="test_stt_initialization" time="0.000" /><testcase classname="tests.test_voice_pipeline.TestSTTComponent" name="test_audio_preparation" time="0.001" /><testcase classname="tests.test_voice_pipeline.TestSTTComponent" name="test_voice_activity_detection" time="0.001" /><testcase classname="tests.test_voice_pipeline.TestTTSComponent" name="test_tts_initialization" time="0.000" /><testcase classname="tests.test_voice_pipeline.TestTTSComponent" name="test_text_preprocessing" time="0.001" /><testcase classname="tests.test_voice_pipeline.TestTTSComponent" name="test_legal_disclaimer_injection" time="0.000" /><testcase classname="tests.test_voice_pipeline.TestTTSComponent" name="test_duration_estimation" time="0.001" /><testcase classname="tests.test_voice_pipeline.TestConfiguration" name="test_settings_loading" time="0.003" /><testcase classname="tests.test_voice_pipeline.TestConfiguration" name="test_audio_configuration" time="0.000" /><testcase classname="tests.auth.test_jwt" name="test_token_pair_roundtrip" time="0.113" /><testcase classname="tests.auth.test_middleware" name="test_requires_auth" time="0.076" /><testcase classname="tests.auth.test_middleware" name="test_allows_authenticated_request" time="0.133" /></testsuite></testsuites>